
> teman-sekolah-frontend@0.0.1 build
> vite build

[36mvite v5.4.21 [32mbuilding for production...[36m[39m
transforming...
[32mΓ£ô[39m 175 modules transformed.
node.exe : [31mx[39m Build failed in 
545ms
At C:\Program Files\nodejs\npm.ps1:29 
char:3
+   & $NODE_EXE $NPM_CLI_JS $args
+   ~~~~~~~~~~~~~~~~~~~~~~~~~~~~~
    + CategoryInfo          : NotSpecifie 
   d: ([31mx[39m Build failed in 545ms  
  :String) [], RemoteException
    + FullyQualifiedErrorId : NativeComma 
   ndError
 
[31merror during build:
[31mCould not resolve "../../App" from 
"src/pages/tu/Dashboard/index.jsx"[31m
file: [36mD:/Project/Teman_Sekolah/fronte
nd/src/pages/tu/Dashboard/index.jsx[31m
    at getRollupError (file:///D:/Project/
Teman_Sekolah/frontend/node_modules/rollup
/dist/es/shared/parseAst.js:402:41)
    at error (file:///D:/Project/Teman_Sek
olah/frontend/node_modules/rollup/dist/es/
shared/parseAst.js:398:42)
    at 
ModuleLoader.handleInvalidResolvedId (file
:///D:/Project/Teman_Sekolah/frontend/node
_modules/rollup/dist/es/shared/node-entry.
js:21710:24)
    at file:///D:/Project/Teman_Sekolah/fr
ontend/node_modules/rollup/dist/es/shared/
node-entry.js:21670:26[39m
